[themewagon.github.io/jobentry/index.html]
[backblue.gif]
[fade.gif]
[index.html]
[themewagon.github.io/jobentry/img/favicon.ico]
[cdnjs.cloudflare.com/ajax/libs/font-awesome/5.10.0/css/all.min.css]
[cdn.jsdelivr.net/npm/bootstrap-icons@1.4.1/font/bootstrap-icons.css]
[themewagon.github.io/jobentry/lib/animate/animate.min.css]
[themewagon.github.io/jobentry/lib/owlcarousel/assets/owl.carousel.min.css]
[themewagon.github.io/jobentry/css/bootstrap.min.css]
[themewagon.github.io/jobentry/css/style.css]
[themewagon.github.io/jobentry/index-2.html]
[themewagon.github.io/jobentry/about.html]
[themewagon.github.io/jobentry/job-list.html]
[themewagon.github.io/jobentry/job-detail.html]
[themewagon.github.io/jobentry/category.html]
[themewagon.github.io/jobentry/testimonial.html]
[themewagon.github.io/jobentry/404.html]
[themewagon.github.io/jobentry/contact.html]
[themewagon.github.io/jobentry/img/carousel-1.jpg]
[themewagon.github.io/jobentry/img/carousel-2.jpg]
[themewagon.github.io/jobentry/img/about-1.jpg]
[themewagon.github.io/jobentry/img/about-2.jpg]
[themewagon.github.io/jobentry/img/about-3.jpg]
[themewagon.github.io/jobentry/img/about-4.jpg]
[themewagon.github.io/jobentry/img/com-logo-1.jpg]
[themewagon.github.io/jobentry/img/com-logo-2.jpg]
[themewagon.github.io/jobentry/img/com-logo-3.jpg]
[themewagon.github.io/jobentry/img/com-logo-4.jpg]
[themewagon.github.io/jobentry/img/com-logo-5.jpg]
[themewagon.github.io/jobentry/img/testimonial-1.jpg]
[themewagon.github.io/jobentry/img/testimonial-2.jpg]
[themewagon.github.io/jobentry/img/testimonial-3.jpg]
[themewagon.github.io/jobentry/img/testimonial-4.jpg]
[code.jquery.com/jquery-3.4.1.min.js]
[cdn.jsdelivr.net/npm/bootstrap@5.0.0/dist/js/bootstrap.bundle.min.js]
[themewagon.github.io/jobentry/lib/wow/wow.min.js]
[themewagon.github.io/jobentry/lib/easing/easing.min.js]
[themewagon.github.io/jobentry/lib/waypoints/waypoints.min.js]
[themewagon.github.io/jobentry/lib/owlcarousel/owl.carousel.min.js]
[themewagon.github.io/jobentry/js/main.js]
[themewagon.github.io/jobentry/index.html]
[themewagon.github.io/jobentry/img/favicon.html]
[cdnjs.cloudflare.com/ajax/libs/font-awesome/5.10.0/css/all.min.css]
[cdn.jsdelivr.net/npm/bootstrap-icons@1.4.1/font/fonts/bootstrap-iconsfb95.woff2]
[cdn.jsdelivr.net/npm/bootstrap-icons@1.4.1/font/fonts/bootstrap-iconsfb95.woff]
[cdn.jsdelivr.net/npm/bootstrap-icons@1.4.1/font/bootstrap-icons.css]
[themewagon.github.io/jobentry/lib/animate/animate.min.css]
[themewagon.github.io/jobentry/lib/owlcarousel/assets/owl.video.play.png]
[themewagon.github.io/jobentry/lib/owlcarousel/assets/owl.carousel.min.css]
[themewagon.github.io/jobentry/css/bootstrap.min.css]
[themewagon.github.io/jobentry/css/style.css]
[themewagon.github.io/jobentry/index-2.html]
[themewagon.github.io/jobentry/about.html]
[themewagon.github.io/jobentry/job-list.html]
[themewagon.github.io/jobentry/job-detail.html]
[themewagon.github.io/jobentry/category.html]
[themewagon.github.io/jobentry/testimonial.html]
[themewagon.github.io/jobentry/404.html]
[themewagon.github.io/jobentry/contact.html]
[themewagon.github.io/index.html]
[themewagon.github.io/index.html]
